// Jest Snapshot v1, https://goo.gl/fbAQLP

exports[`Landing render test should render 1`] = `
<Landing
  store={Object {}}
/>
`;
