// Jest Snapshot v1, https://goo.gl/fbAQLP

exports[`Messages render test should render 1`] = `
<Component
  style={
    Object {
      "flex": 1,
    }
  }
/>
`;
