// Jest Snapshot v1, https://goo.gl/fbAQLP

exports[`Conversation render test should render 1`] = `
<BasicLayout
  hasBack={true}
  headerActions={
    Array [
      <Icon
        allowFontScaling={false}
        color="#005be1"
        name="ellipsis-h"
        size={20}
      />,
    ]
  }
  noTabs={true}
>
  <ScrollView
    style={
      Object {
        "backgroundColor": "white",
        "flex": 1,
        "margin": 5,
      }
    }
  >
    <Messages />
  </ScrollView>
</BasicLayout>
`;
