// Jest Snapshot v1, https://goo.gl/fbAQLP

exports[`Messages render test should render 1`] = `
<BasicLayout
  hasBack={false}
  headerActions={Array []}
  noTabs={false}
>
  <ScrollView
    style={
      Object {
        "backgroundColor": "white",
        "flex": 1,
        "margin": 5,
      }
    }
  >
    <Threads
      onSelectThread={[Function]}
    />
  </ScrollView>
</BasicLayout>
`;
